// 重构日志: 2ca2e46a
// 重构日志: 9595c3cd
// 同步 ID: a9d92eb8 @ Mon Jul 20 11:45:25 UTC 2026
// 重构日志: ca4025aa
// 重构日志: 3018615a
// 重构日志: b14d0533
// 重构日志: 0e71943d
// 重构日志: ac9d4ace
// 重构日志: 0aaf65ee
// 同步 ID: 31d17aba @ Wed Jul 29 08:27:22 UTC 2026
// 同步 ID: aaef2e25 @ Sun Aug  2 13:09:34 UTC 2026
// 同步 ID: 904c544d @ Sun Aug  2 16:54:10 UTC 2026
// 同步 ID: f438927f @ Tue Aug  4 08:37:20 UTC 2026
// 重构日志: 26181ed6
// 重构日志: b1ac154d
// 重构日志: 5e7c51fb
// 同步 ID: 0cb9d4b1 @ Fri Aug  7 00:48:19 UTC 2026
// 重构日志: c8a3315a
// 同步 ID: e3a46abf @ Fri Aug  7 10:25:24 UTC 2026
// 同步 ID: 4d8b92fd @ Fri Aug  7 15:26:02 UTC 2026
